<p class='text-center'>
<a class='btn btn-facebook btn-block' href='#' onclick='shareOnFacebook(&#39;&#39;, &#39;https://swapmyvote.uk&#39;, &#39;I am using Swap My Vote to make my vote count in the #GeneralElection\n\n#SwapMyVote&#39;, &#39;#SwapMyVote&#39;); return false'>
<img src="/assets/facebook_icon-b37cc3698e78b4de3bfd3649370d31321c7dbabdc7793057d54410c73bc4d75f.png" />
Share on Facebook
</a>
<a class='btn btn-twitter btn-block' href='#' onclick='shareOnTwitter(&#39;https://swapmyvote.uk&#39;, &#39;I am using Swap My Vote to make my vote count in the #GeneralElection\n\n#SwapMyVote @SwapMyVote&#39;); return false'>
<i class='fa fa-twitter fa-fw'></i>
Share on Twitter
</a>
<a class='btn btn-email btn-block' href='mailto:?subject=SwapMyVote&amp;body=Hi,%0A%0AI%20thought%20you%20might%20be%20interested%20to%20hear%20about%20Swap%20My%20Vote.%20It&#39;s%20a%20website%20set%20up%20to%20help%20us%20make%20our%20votes%20count%20in%20elections.%0A%0ACan%20you%20vote%20in%20the%20General%20Election%20on%2023rd%20June?%0A%0AYou%20can%20swap%20votes%20with%20someone%20in%20another%20constituency%20to%20help%20both%20votes%20count%20for%20more.%20You%20get%20to%20vote%20for%20who%20you%20really%20want,%20and%20to%20help%20someone%20else%20do%20the%20same%20-%20it&#39;s%20a%20win-win!%20%0A%0Ahttps://swapmyvote.uk'>
<i class='fa fa-envelope fa-fw'></i>
Share on Email
</a>
</p>
