<p>
Hi John (test user),
</p>
<p>
Good news! Jane (test user) is going swap their vote with you.
They've now shared their email address with with you:
</p>
<p>
<a href="mailto:jane@example.com">jane@example.com</a>
</p>
<p>
Why not reach out and say hi?
</p>
<p>
And don't forget to share Swap My Vote with your social networks so
that more people can make their vote count:
<a href="https://twitter.com/intent/tweet?text=I%27m+using+https://SwapMyVote.uk+to+make+my+vote+count+in+the+%23Wakefield+or+%23TivertonandHoniton+%23byelection%0a%0a%23SwapMyVote+@SwapMyVote">Tweet</a>
<a href="https://www.facebook.com/sharer/sharer.php?u=https%3A%2F%2Fwww.swapmyvote.uk&sdk=joey&display=popup&ref=plugin">Share on Facebook</a>
</p>
<p>
To a better democracy!
<br>
Swap My Vote Team
</p>
<p>
<a href="https://www.swapmyvote.uk/?utm_source=email&utm_medium=confirm_swap&utm_campaign=site">Swap My Vote</a>
<br>
<a href="https://twitter.com/intent/follow?screen_name=swapmyvote">Follow us on Twitter</a>
<br>
<a href="https://facebook.com/swapmyvote">Like us on Facebook</a>

</p>
