<p>
Hi John (test user),
</p>
<p>
The Wakefield and Tiverton & Honiton 2022 by-elections
are now open!
Jane (test user)
is going to vote for your party, in the
Constituency2 constituency.
</p>
<p>
In return, you've agreed to vote for their preferred party in your
constituency (Constituency1).
</p>
<p>
Once you've done so,
<a href="http://test.host/user/vote">please let Jane (test user) know you&#39;ve voted!</a>
</p>
<p>
All the best,
<br>
Swap My Vote Team
</p>
<p>
<a href="https://www.swapmyvote.uk/?utm_source=email&utm_medium=reminder_to_vote&utm_campaign=site">Swap My Vote</a>
<br>
<a href="https://twitter.com/intent/follow?screen_name=swapmyvote">Follow us on Twitter</a>
<br>
<a href="https://facebook.com/swapmyvote">Like us on Facebook</a>

</p>
