<a href="https://twitter.com/intent/tweet?text=I%27m+using+https%3A%2F%2FSwapMyVote.uk+to+make+my+vote+count+in+the+%23GeneralElection%0A%0A%23SwapMyVote+%40SwapMyVote">Tweet</a>
<a href="https://www.facebook.com/sharer/sharer.php?u=https%3A%2F%2Fwww.swapmyvote.uk&amp;sdk=joey&amp;display=popup&amp;ref=plugin">Share on Facebook</a>
