<div class='background-pattern border-bottom'>
<div class='container text-center'>
<h1>
The 2022 summer by-elections are here!
</h1>
<h2>
You still have a bit of time to find a voting partner to swap
with, if you haven't already!
</h2>
<h2 class='subdued'>
Swap My Vote can help if voting for your preferred party doesn't make sense in
<strong>
your
</strong>
constituency.
</h2>
</div>
</div>
<div class='plain-pattern border-bottom'>
<div class='container text-center'>
<p class='choose-party'>
Which party would you most like to vote for?
<select form="login-form" name="user[preferred_party_id]" id="user_preferred_party_id"><option disabled selected>...</option>
<option value="1">Green</option>
</select></p>
<p class='choose-party'>
When we find someone to vote for your party in the other constituency,
which party could you vote for in exchange?
<select form="login-form" name="user[willing_party_id]" id="user_willing_party_id"><option disabled selected>...</option>
<option value="1">Green</option>
</select></p>
<p>
<a class='btn btn-lg btn-primary' href='#' onclick='submit_modal(); return false'>Swap My Vote!</a>
</p>
<p class='small subdued'>
We will match you with someone who will
cast your preferred vote in a different area where it could count for more.
In return, you will cast their preferred vote in your area.
</p>
</div>
</div>
<div class='background-pattern border-bottom'>
<div class='container'>
<h2>How does Swap My Vote work?</h2>
<ol>
<li>Choose the party you would prefer to vote for, and the party that you are willing to vote for tactically in your own constituency.</li>
<li>
We’ll find you a list of people with the complementary preferences. Pick one partner to swap your vote with.
</li>
<li>If your partner agrees to the swap, it is confirmed. We’ll help you connect with each other, so if you like, you can introduce yourselves.</li>
</ol>
</div>
</div>
<script>
  function submit_modal() {
    preferred_party_id = $("select[name='user[preferred_party_id]']").val();
    willing_party_id = $("select[name='user[willing_party_id]']").val();
    if (preferred_party_id == null || willing_party_id == null) {
      $(".js-blank-error-modal").modal();
    } else if (preferred_party_id == willing_party_id) {
      $(".js-equal-party-error-modal").modal();
    } else {
       window.location.assign("/users/sign_up")
    }
  }
</script>
<div class='modal js-blank-error-modal' role='dialog' tabindex='-1'>
<div class='modal-dialog'>
<div class='modal-content'>
<div class='modal-body'>
Please choose both your preferred party and your willing party.
</div>
<div class='modal-footer'>
<button aria-label='Close' class='btn btn-primary' data-dismiss='modal'>
Close
</button>
</div>
</div>
</div>
</div>
<div class='modal js-equal-party-error-modal' role='dialog' tabindex='-1'>
<div class='modal-dialog'>
<div class='modal-content'>
<div class='modal-body'>
Your preferred party and your willing party cannot be the same.
</div>
<div class='modal-footer'>
<button aria-label='Close' class='btn btn-primary' data-dismiss='modal'>
Close
</button>
</div>
</div>
</div>
</div>

<div class='background-pattern border-bottom'>
<div class='container text-center'>
<h2>Ready to vote?</h2>
<p>
Here's how to
<a target="_blank" href="https://wheredoivote.co.uk/">find your local polling station</a>.
Get out there and vote!
</p>

</div>
</div>
<div class='background-pattern border-bottom'>
<div class='container text-center'>
<h1>
Not voting this time?
</h1>
<h2 class='subdued'>
Sign up for future news from the Swap My Vote team and Forward Democracy
</h2>
<!-- Begin Action Network Signup Form -->
<link href='https://actionnetwork.org/css/style-embed-whitelabel-v3.css' rel='stylesheet' type='text/css' /><script src='https://actionnetwork.org/widgets/v4/form/swapmyvote?format=js&source=widget'></script><div id='can-form-area-swapmyvote'><!-- this div is the target for our HTML insertion --></div>
<style>
	<!--
	
	/************************/
	/*****ACTIONNETWORK******/
	/*********EMBEDS*********/
	/************************/

	/* FORM WIDTH and CENTERING */

	#can-form-area-swapmyvote .can_embed {
		min-width: 300px !important;
	    max-width: 400px !important;
	    margin: 0 auto !important;
	}


	/* FORCE SINGLE COLUMN FORM */

	#can_embed_form.can_float #form_col1,
	#can_embed_form.can_float #form_col2 {
	    float: none !important;
	    width: 100% !important;
	}

	/* HIDE HEADERS */
	#can_embed_form h2,
	#can_embed_form h4{
	    display: none !important;
	}

	/* HIDE 'sponsored by forward democracy' TAGLINE */
	#can_embed_form .action_info_user {
	    display: none !important;
	}

	/*LABELS*/
	#can-form-area-swapmyvote label {font-size:18px !important;}
	#can-form-area-swapmyvote label.floatlabel-label-active {display:none !important}

	/* HIDE LABELS */
	#can-form-area-swapmyvote .control-label,
	#can-form-area-swapmyvote .affirmative_note {
	    display: none !important;
	}

	/* USE FORM ID TO APPLY OPT-IN HIDING ONLY ON NEWSLETTER SIGNUP FORMS */
	#can-form-area-swapmyvote .controls.check_radio_field label:nth-child(2) {
	    display: none !important;
	}

	/* LAYOUT FORMATTING */
	#can_embed_form #d_sharing {
		border-top: none !important;
		padding: 0 0 0 0 !important;
	}
	#can_embed_form #d_sharing ul {
		margin-top: 0 !important;
	}

	/*INPUTS
	#can-form-area-swapmyvote input[type=text],
	#can-form-area-swapmyvote input[type=email] {
		color: #FFFFFF !important;
		background-color: #333333 !important;
		border-radius: 4px !important;
		padding: 1.4rem 1rem !important;
	}

	#can-form-area-swapmyvote .can_select {
		color: #FFFFFF !important;
		background-color: #333333 !important;
		border-radius: 4px !important;
	}*/

	/*ERROR COLOURS
	#can_embed_form .check_radio_field label.error_checkbox {
		color: #FF89FE !important;
	}
	#can_embed_form input.error_input {
		border-color: #FF89FE !important;
		box-shadow:0 0 0 2px #FF89FE inset, 0 0 4px 0 #FF89FE inset !important;
	}*/

	/* FORM BUTTON STYLING 
	#can_embed_form .can_button,
	#can_embed_form #donate_auto_modal input[type=submit],
	#can_embed_form #donate_auto_modal .button,
	#can_embed_form #donate_make_recurring_modal input[type=submit],
	#can_embed_form #donate_make_recurring_modal .button,
	#can_embed_form input[type=submit],
	#can_embed_form .button {
	background-color:#FF89FE !important;
	color:#FFFFFF !important;
	padding: 0.4em 1em !important;
	border: 0 !important;
	border-radius: 4px!important;
	font-size: 1.2em !important;
	font-weight: 600 !important;
	text-transform: lowercase !important;
	text-transform: capitalize !important;
	font-family: inherit !important;
	letter-spacing: 0.4px !important;
	display: inline-block !important;
	width: initial !important;
	max-width: initial !important;
	}*/


	/* SUBMIT THANKYOU STYLING */
	#can_embed_form .can_thank_you_wrap h2, .can_thank_you_wrap h4 {display: block !important;}
	#can_embed_form .can_thank_you_wrap div#can_thank_you {background-color: #FFF !important;}
	#can_embed_form .can_thank_you_wrap #action_info {display:none !important;}

	/* HIDE EXTRA SHARE OPTIONS, email to a friend, embed your own form */
	#can_embed_form .clearfix div.can_thank_you-block:nth-child(1) :nth-child(9) {display:none !important;}
	#can_embed_form .clearfix div.can_thank_you-block:nth-child(1) :nth-child(10) {display:none !important;}
	#can_embed_form .clearfix div.can_thank_you-block:nth-child(2) {display:none !important;}
    #can_embed_form .clearfix div.can_thank_you-block:nth-child(3) {display:none !important;}

	/*WELCOME BACK MESSAGE*/
	#can_embed_form #action_welcome_message #action_welcome_message_inner  {
		/*background-color:#333333 !important;
		padding: 1.4rem !important;
		border: none !important;*/
		font-size: 17px !important;
	}

	/************************/
	/*****ACTIONNETWORK******/
	/*********EMBEDS*********/
	/************************/

	-->
</style>

<!-- End Action Network Signup Form -->
</div>
</div>

